2025-05-05 19:59:27,765 INFO Trading bot initialized
2025-05-05 19:59:27,765 INFO Starting trading bot with 5m interval
2025-05-05 19:59:28,286 INFO Signal for BTCUSDT: HOLD (no_crossover)
2025-05-05 19:59:28,286 ERROR Error processing BTCUSDT: 'builtin_function_or_method' object has no attribute 'time'
2025-05-05 20:00:28,544 INFO Signal for BTCUSDT: HOLD (no_crossover)
2025-05-05 20:00:28,544 ERROR Error processing BTCUSDT: 'builtin_function_or_method' object has no attribute 'time'
2025-05-05 20:01:28,817 INFO Signal for BTCUSDT: HOLD (no_crossover)
2025-05-05 20:01:28,817 ERROR Error processing BTCUSDT: 'builtin_function_or_method' object has no attribute 'time'
2025-05-05 20:02:17,204 INFO Trading bot stopped by user
2025-05-05 20:02:17,205 INFO Stopping trading bot
2025-05-05 20:02:30,306 INFO Trading bot initialized
2025-05-05 20:02:30,306 INFO Starting trading bot with 5m interval
2025-05-05 20:02:30,870 INFO Signal for BTCUSDT: HOLD (no_crossover)
2025-05-05 20:02:30,871 ERROR Error processing BTCUSDT: 'builtin_function_or_method' object has no attribute 'time'
2025-05-05 20:03:31,182 INFO Signal for BTCUSDT: HOLD (no_crossover)
2025-05-05 20:03:31,182 ERROR Error processing BTCUSDT: 'builtin_function_or_method' object has no attribute 'time'
2025-05-05 20:03:53,871 INFO Trading bot stopped by user
2025-05-05 20:03:53,871 INFO Stopping trading bot
2025-05-05 20:04:00,151 INFO Trading bot initialized
2025-05-05 20:04:00,152 INFO Starting trading bot with 5m interval
2025-05-05 20:04:00,669 INFO Signal for BTCUSDT: HOLD (no_crossover)
2025-05-05 20:04:00,669 ERROR Error processing BTCUSDT: 'builtin_function_or_method' object has no attribute 'time'
2025-05-05 20:05:00,976 INFO Signal for BTCUSDT: HOLD (no_crossover)
2025-05-05 20:05:00,976 ERROR Error processing BTCUSDT: 'builtin_function_or_method' object has no attribute 'time'
2025-05-05 20:05:10,212 INFO Trading bot stopped by user
2025-05-05 20:05:10,212 INFO Stopping trading bot
2025-05-05 20:05:14,687 INFO Trading bot initialized
2025-05-05 20:05:14,688 INFO Starting trading bot with 5m interval
2025-05-05 20:05:15,207 INFO Signal for BTCUSDT: HOLD (no_crossover)
2025-05-05 20:05:15,208 ERROR Error processing BTCUSDT: 'builtin_function_or_method' object has no attribute 'time'
2025-05-05 20:05:33,399 INFO Trading bot stopped by user
2025-05-05 20:05:33,399 INFO Stopping trading bot
2025-05-05 20:07:18,896 INFO Trading bot initialized
2025-05-05 20:07:18,897 INFO Starting trading bot with 5m interval
2025-05-05 20:07:19,222 INFO Signal for BTCUSDT: HOLD (no_crossover)
2025-05-05 20:07:19,222 ERROR Error processing BTCUSDT: 'builtin_function_or_method' object has no attribute 'time'
2025-05-05 20:08:19,476 INFO Signal for BTCUSDT: HOLD (no_crossover)
2025-05-05 20:08:19,477 ERROR Error processing BTCUSDT: 'builtin_function_or_method' object has no attribute 'time'
2025-05-05 20:09:04,315 INFO Trading bot stopped by user
2025-05-05 20:09:04,316 INFO Stopping trading bot
2025-05-05 20:09:08,870 INFO Trading bot initialized
2025-05-05 20:09:08,871 INFO Starting trading bot with 5m interval
2025-05-05 20:09:09,187 INFO Signal for BTCUSDT: HOLD (no_crossover)
2025-05-05 20:09:09,187 ERROR Error processing BTCUSDT: 'builtin_function_or_method' object has no attribute 'time'
2025-05-05 20:09:25,840 INFO Trading bot stopped by user
2025-05-05 20:09:25,840 INFO Stopping trading bot
2025-05-05 20:14:29,402 INFO Trading bot initialized
2025-05-05 20:14:29,403 INFO Starting trading bot with 5m interval
2025-05-05 20:14:29,897 INFO Signal for BTCUSDT: HOLD (no_crossover)
2025-05-05 20:14:29,898 ERROR Error processing BTCUSDT: 'builtin_function_or_method' object has no attribute 'time'
Traceback (most recent call last):
  File "C:\Users\alauz\Documents\Projects\trading-bot\trading-bot\core\trading_bot.py", line 93, in _process_symbol
    if not self.risk_manager.approve_trade(signal['action'], current_price):
           ~~~~~~~~~~~~~~~~~~~~~~~~~~~~~~~^^^^^^^^^^^^^^^^^^^^^^^^^^^^^^^^^
  File "C:\Users\alauz\Documents\Projects\trading-bot\trading-bot\risk\risk_manager.py", line 22, in approve_trade
    now = time.time()
          ^^^^^^^^^
AttributeError: 'builtin_function_or_method' object has no attribute 'time'
2025-05-05 20:15:30,184 INFO Signal for BTCUSDT: HOLD (no_crossover)
2025-05-05 20:15:30,185 ERROR Error processing BTCUSDT: 'builtin_function_or_method' object has no attribute 'time'
Traceback (most recent call last):
  File "C:\Users\alauz\Documents\Projects\trading-bot\trading-bot\core\trading_bot.py", line 93, in _process_symbol
    if not self.risk_manager.approve_trade(signal['action'], current_price):
           ~~~~~~~~~~~~~~~~~~~~~~~~~~~~~~~^^^^^^^^^^^^^^^^^^^^^^^^^^^^^^^^^
  File "C:\Users\alauz\Documents\Projects\trading-bot\trading-bot\risk\risk_manager.py", line 22, in approve_trade
    now = time.time()
          ^^^^^^^^^
AttributeError: 'builtin_function_or_method' object has no attribute 'time'
2025-05-05 20:16:05,476 INFO Trading bot stopped by user
2025-05-05 20:16:05,476 INFO Stopping trading bot
2025-05-05 20:16:10,235 INFO Trading bot initialized
2025-05-05 20:16:10,236 INFO Starting trading bot with 5m interval
2025-05-05 20:16:10,763 INFO Signal for BTCUSDT: HOLD (no_crossover)
2025-05-05 20:17:11,076 INFO Signal for BTCUSDT: HOLD (no_crossover)
2025-05-05 20:18:11,388 INFO Signal for BTCUSDT: HOLD (no_crossover)
2025-05-05 20:19:12,316 INFO Signal for BTCUSDT: HOLD (no_crossover)
2025-05-05 20:20:12,628 INFO Signal for BTCUSDT: HOLD (no_crossover)
2025-05-05 20:21:13,034 INFO Signal for BTCUSDT: HOLD (no_crossover)
2025-05-05 20:22:13,349 INFO Signal for BTCUSDT: HOLD (no_crossover)
2025-05-05 20:23:13,669 INFO Signal for BTCUSDT: HOLD (no_crossover)
2025-05-05 20:24:13,985 INFO Signal for BTCUSDT: HOLD (no_crossover)
2025-05-05 20:25:14,294 INFO Signal for BTCUSDT: HOLD (no_crossover)
2025-05-05 20:26:14,603 INFO Signal for BTCUSDT: HOLD (no_crossover)
2025-05-05 20:26:14,603 WARNING Trade rejected by risk manager.
2025-05-05 20:27:14,919 INFO Signal for BTCUSDT: HOLD (no_crossover)
2025-05-05 20:27:14,919 WARNING Trade rejected by risk manager.
2025-05-05 20:28:15,233 INFO Signal for BTCUSDT: HOLD (no_crossover)
2025-05-05 20:28:15,233 WARNING Trade rejected by risk manager.
2025-05-05 20:29:15,547 INFO Signal for BTCUSDT: HOLD (no_crossover)
2025-05-05 20:29:15,547 WARNING Trade rejected by risk manager.
2025-05-05 20:30:15,862 INFO Signal for BTCUSDT: HOLD (no_crossover)
2025-05-05 20:30:15,862 WARNING Trade rejected by risk manager.
2025-05-05 20:30:45,114 INFO Trading bot stopped by user
2025-05-05 20:30:45,114 INFO Stopping trading bot
